make: *** No rule to make target 'mount'.  Stop.
make: *** No rule to make target 'unmount'.  Stop.
make: *** No rule to make target 'mount'.  Stop.
make: *** No rule to make target 'unmount'.  Stop.
make: *** No rule to make target 'mount'.  Stop.
make: *** No rule to make target 'unmount'.  Stop.
